Selected verification lines from GitHub run 34728510725
2026-09-13T00:39:23.1359787Z domain validation passed
2026-09-13T00:39:23.2312844Z Cross-language binding vectors passed: 67
2026-09-13T00:39:23.2693659Z SQLite intake, approval consumption, durable claim and recovery passed
2026-09-13T00:39:23.8739519Z Kujo SQLite: 8-process race and SIGKILL before/after dispatch passed; no resumed dispatch
2026-09-13T00:39:24.4449285Z Schema migration: eight-process initialization, four-process v1 upgrade, exact financial preservation, quarantine retention, schema drift denial, transaction fault and SIGKILL rollback passed
2026-09-13T00:39:24.4860257Z Lifecycle: 60 state/event cases and evidence mismatch checks passed
2026-09-13T00:39:24.5300193Z Pinned Ability definitions and seven domain schemas passed
2026-09-13T00:39:24.5698286Z Observation CAS, atomic receipt failure, reconciliation and conflicting evidence passed
2026-09-13T00:39:25.7442961Z Actual Ability + fixture execution: authorization, one-use submit, normalized errors and reconciliation passed
2026-09-13T00:39:26.0932319Z Gateway: authenticated intake, stable replay, fresh status, strict money and minimal surface passed
2026-09-13T00:39:26.4844198Z HTTP service: authenticated tenant isolation, hidden operations, bounded input, replay and token non-persistence passed
2026-09-13T00:39:26.5794840Z Provisioning: private permissions, token suppression and overwrite refusal passed
2026-09-13T00:39:29.3435115Z Architecture: 25 files; Fence passed; 11 forbidden edges and 3 coverage/external mutations rejected
2026-09-13T00:39:30.0723622Z Operator: scope, review binding, changed definition, expiry, durable separate-process grant, replay denial and normalized errors passed
2026-09-13T00:39:30.7759835Z Execution control: persistent pause, stale resume denial, transactional audit rollback, concurrent claim denial, at-most-one resumed claim and paused recovery passed
2026-09-13T00:39:31.2939694Z Recovery snapshot: committed WAL, stale pre-claim denial, permanent quarantine, resume/bypass denial, post-claim reconciliation, bounds, permissions and future-schema refusal passed
2026-09-13T00:39:33.4508840Z Bounded worker: asynchronous operator grant, native authorization dedupe, four-process dispatch race, post-charge reconciliation and terminal replay passed
2026-09-13T00:39:33.5220290Z Link native authorization: one-shot issuance, strict binding, settlement separation, secret suppression and pre-network transport denial passed
2026-09-13T00:39:33.8018163Z MPP: 58 independent canonical encoding, header, amount, route, expiry and credential vectors passed
2026-09-13T00:39:33.9498962Z Link MPP submission: final challenge validation, private SPT credential, one-shot send, ambiguous reconciliation and sanitized observation passed
2026-09-13T00:39:34.6148402Z Link five-method SPI through worker and Ability: native approval, operator grant, private credential, one-shot submission and confirmed reconciliation passed
2026-09-13T00:39:35.4006986Z Native merchant HTTP: immutable request/body binding, private credential, duplicate-header/redirect/size/deadline denial and sanitized output passed
