Verified cached pinned Kujo runtime
#0 building with "default" instance using docker driver

#1 [internal] load build definition from Dockerfile
#1 transferring dockerfile: 1.16kB 0.0s done
#1 DONE 0.0s

#2 [internal] load metadata for docker.io/library/ubuntu@sha256:1e0a86e57d247923571b75e0aaf48a1449cf8c543d51fb3e07a4a7d7bfa79316
#2 DONE 0.0s

#3 [internal] load .dockerignore
#3 transferring context: 99B 0.0s done
#3 DONE 0.0s

#4 [runtime 1/4] FROM docker.io/library/ubuntu@sha256:1e0a86e57d247923571b75e0aaf48a1449cf8c543d51fb3e07a4a7d7bfa79316
#4 DONE 0.0s

#5 [internal] load build context
#5 transferring context: 324.02kB 0.1s done
#5 DONE 0.1s

#6 [runtime 2/4] COPY deployment/.runtime/kujo /usr/local/bin/kujo
#6 CACHED

#7 [runtime 3/4] RUN echo '1c7f960df366f213146577fefa0c5e8ec3a1581dab822356c4e3ca295334c26c  /usr/local/bin/kujo' | sha256sum -c -
#7 CACHED

#8 [runtime 4/4] WORKDIR /app
#8 CACHED

#9 [gateway 1/4] COPY --chown=65532:65532 src /app/src
#9 DONE 0.1s

#10 [gateway 2/4] COPY --chown=65532:65532 contracts /app/contracts
#10 DONE 0.1s

#11 [gateway 3/4] COPY --chown=65532:65532 kennel.toml kennel.lock /app/
#11 DONE 0.1s

#12 [gateway 4/4] COPY --chown=65532:65532 kennel_packages/ability /app/kennel_packages/ability
#12 DONE 0.1s

#13 exporting to image
#13 exporting layers 0.1s done
#13 writing image sha256:f1e5d4ef2f7eada2892f049902ef6e26a4d1369732f01159fcd159c227cdee50 done
#13 naming to docker.io/library/kujo-payments-gateway:local
#13 naming to docker.io/library/kujo-payments-gateway:local done
#13 DONE 0.1s
#0 building with "default" instance using docker driver

#1 [internal] load build definition from Dockerfile
#1 transferring dockerfile: 1.16kB 0.0s done
#1 DONE 0.0s

#2 [internal] load metadata for docker.io/library/ubuntu@sha256:1e0a86e57d247923571b75e0aaf48a1449cf8c543d51fb3e07a4a7d7bfa79316
#2 DONE 0.0s

#3 [internal] load .dockerignore
#3 transferring context: 99B done
#3 DONE 0.0s

#4 [runtime 1/4] FROM docker.io/library/ubuntu@sha256:1e0a86e57d247923571b75e0aaf48a1449cf8c543d51fb3e07a4a7d7bfa79316
#4 DONE 0.0s

#5 [internal] load build context
#5 transferring context: 2.55kB 0.0s done
#5 DONE 0.0s

#6 [runtime 2/4] COPY deployment/.runtime/kujo /usr/local/bin/kujo
#6 CACHED

#7 [runtime 3/4] RUN echo '1c7f960df366f213146577fefa0c5e8ec3a1581dab822356c4e3ca295334c26c  /usr/local/bin/kujo' | sha256sum -c -
#7 CACHED

#8 [agent-probe 1/2] COPY --chown=65532:65532 src/client /app/src/client
#8 CACHED

#9 [runtime 4/4] WORKDIR /app
#9 CACHED

#10 [agent-probe 2/2] COPY --chown=65532:65532 tests/network/agent_probe.kujo /app/probe.kujo
#10 CACHED

#11 exporting to image
#11 exporting layers done
#11 writing image sha256:fa0b71dfaf7b64928fb52ba044d9f51a46c8d98f021f5650d3e2c78f927c2a0b done
#11 naming to docker.io/library/kujo-payments-agent-probe:local done
#11 DONE 0.0s
#0 building with "default" instance using docker driver

#1 [internal] load build definition from Dockerfile
#1 transferring dockerfile: 1.16kB 0.0s done
#1 DONE 0.0s

#2 [internal] load metadata for docker.io/library/ubuntu@sha256:1e0a86e57d247923571b75e0aaf48a1449cf8c543d51fb3e07a4a7d7bfa79316
#2 DONE 0.0s

#3 [internal] load .dockerignore
#3 transferring context: 99B done
#3 DONE 0.0s

#4 [runtime 1/4] FROM docker.io/library/ubuntu@sha256:1e0a86e57d247923571b75e0aaf48a1449cf8c543d51fb3e07a4a7d7bfa79316
#4 DONE 0.0s

#5 [internal] load build context
#5 transferring context: 1.09kB 0.0s done
#5 DONE 0.0s

#6 [runtime 3/4] RUN echo '1c7f960df366f213146577fefa0c5e8ec3a1581dab822356c4e3ca295334c26c  /usr/local/bin/kujo' | sha256sum -c -
#6 CACHED

#7 [runtime 4/4] WORKDIR /app
#7 CACHED

#8 [runtime 2/4] COPY deployment/.runtime/kujo /usr/local/bin/kujo
#8 CACHED

#9 [harness-probe 1/1] COPY --chown=65532:65532 tests/network/harness.kujo /app/harness.kujo
#9 CACHED

#10 exporting to image
#10 exporting layers done
#10 writing image sha256:b642a8bdbef5680a4f5619f1952fc1ec2814ab7c0de10a2dc70848babb3ea025 done
#10 naming to docker.io/library/kujo-payments-harness-probe:local done
#10 DONE 0.0s
domain validation passed
Cross-language binding vectors passed: 67
Pinned Ability definitions and seven domain schemas passed
Lifecycle: 60 state/event cases and evidence mismatch checks passed
SQLite intake, approval consumption, durable claim and recovery passed
Observation CAS, atomic receipt failure, reconciliation and conflicting evidence passed
Actual Ability + fixture execution: authorization, one-use submit, normalized errors and reconciliation passed
Gateway: authenticated intake, stable replay, fresh status, strict money and minimal surface passed
OCI containment passed: credential files/env/processes, sockets, command access, symlinks and network denied; trusted intake works
